# Estado tras el ROLLBACK documentado (debe coincidir con prod pre-migración: authenticated=arwdDxtm, 7 policies, reversa con authenticated=X)
policy|branch_stock|branch_stock_member_select|SELECT|(account_id IN ( SELECT current_account_ids() AS current_account_ids))|
policy|branch_stock|branch_stock_writer_insert|INSERT||is_account_writer(account_id)
policy|branch_stock|branch_stock_writer_update|UPDATE|is_account_writer(account_id)|is_account_writer(account_id)
policy|stock_movements|stock_movements_account_insert|INSERT||(account_id IN ( SELECT current_account_ids() AS current_account_ids))
policy|stock_movements|stock_movements_account_select|SELECT|(account_id IN ( SELECT current_account_ids() AS current_account_ids))|
policy|stock_movements|stock_movements_no_delete|DELETE|false|
policy|stock_movements|stock_movements_no_update|UPDATE|false|
proacl|rpc_reverse_stock_movement(uuid,text,text)|{postgres=X/postgres,service_role=X/postgres,authenticated=X/postgres}
relacl|branch_stock|{postgres=arwdDxtm/postgres,anon=rxtm/postgres,authenticated=arwdDxtm/postgres,service_role=arwdDxtm/postgres}
relacl|stock_movements|{postgres=arwdDxtm/postgres,anon=rxtm/postgres,authenticated=arwdDxtm/postgres,service_role=arwdDxtm/postgres}
=== test_remitos_venta (contra el estado PREVIO a la migración)
ERROR:  GATE REMITOS-VENTA FAILED (abortó): P0001 / GATE REMITOS-VENTA FAILED (2 fallas):
  FAIL (f): la fila forjada se INSERTÓ por PostgREST (la escritura directa a stock_movements debía estar cerrada)
  FAIL (f): la fila forjada existe pese a haberse rechazado
EXIT=3
=== test_remitos_compra (contra el estado PREVIO a la migración)
ERROR:  GATE REMITOS-COMPRA FAILED (abortó): P0001 / GATE REMITOS-COMPRA FAILED (2 fallas):
  FAIL (f): la fila forjada se INSERTÓ por PostgREST (la escritura directa a stock_movements debía estar cerrada)
  FAIL (f): la fila forjada existe pese a haberse rechazado
EXIT=3
=== test_is_account_writer_pivot (contra el estado PREVIO a la migración)
ERROR:  GATE FAILED (1): se esperaban 43 policies sobre 17 tablas invocando is_account_writer, hay 45 sobre 18. (El conteo bajó de 49/20 a 45/18 en presupuestos-modulo y de 45/18 a 43/17 en stock-ledger-solo-rpc, que retiró las 2 policies de escritura directa de branch_stock — ver la cabecera.)
EXIT=3
=== test_function_acl_gate (contra el estado PREVIO a la migración)
ERROR:  ACL GATE (3) FAILED: helpers "solo-DEFINER" ejecutables por anon/authenticated (¿perdieron su REVOKE en un CREATE OR REPLACE posterior? — REVOKE ALL ... FROM PUBLIC, anon, authenticated en la migración que los recrea):
EXIT=3
estado idéntico al de db reset
