SET
CREATE FUNCTION
CREATE FUNCTION
CREATE FUNCTION
CREATE FUNCTION
CREATE FUNCTION
CREATE FUNCTION
CREATE FUNCTION
CREATE FUNCTION
CREATE FUNCTION
CREATE FUNCTION
CREATE FUNCTION
CREATE FUNCTION
NOTICE:  send_email_log_webhook: Vault secrets not configured (send_email_webhook_secret / edge_functions_base_url) — skipping HTTP call for email_logs.id=4b8e06e7-6f3d-4f83-82ab-8179df33eabc
NOTICE:  send_email_log_webhook: Vault secrets not configured (send_email_webhook_secret / edge_functions_base_url) — skipping HTTP call for email_logs.id=d481e003-75d5-4a3b-853a-f1cf6f544349
NOTICE:  send_email_log_webhook: Vault secrets not configured (send_email_webhook_secret / edge_functions_base_url) — skipping HTTP call for email_logs.id=88c8eb5c-30cb-4b51-b914-51705f1c5123
NOTICE:  send_email_log_webhook: Vault secrets not configured (send_email_webhook_secret / edge_functions_base_url) — skipping HTTP call for email_logs.id=ebcb0b4a-4323-4d08-b759-ada803d324ac
NOTICE:  send_email_log_webhook: Vault secrets not configured (send_email_webhook_secret / edge_functions_base_url) — skipping HTTP call for email_logs.id=ddd1618d-8117-45ba-a6bd-171611a50f08
NOTICE:  send_email_log_webhook: Vault secrets not configured (send_email_webhook_secret / edge_functions_base_url) — skipping HTTP call for email_logs.id=9dd3478e-108e-43ab-877c-9a83ecc0c438
NOTICE:  send_email_log_webhook: Vault secrets not configured (send_email_webhook_secret / edge_functions_base_url) — skipping HTTP call for email_logs.id=bfc91db6-1e7c-4b87-80c4-c94e7e78fc7a
NOTICE:  send_email_log_webhook: Vault secrets not configured (send_email_webhook_secret / edge_functions_base_url) — skipping HTTP call for email_logs.id=b7a5c709-9f39-4e12-bf12-fb073a4a920a
NOTICE:  send_email_log_webhook: Vault secrets not configured (send_email_webhook_secret / edge_functions_base_url) — skipping HTTP call for email_logs.id=db482765-0e4d-484e-88f2-3402dcb32e34
NOTICE:  send_email_log_webhook: Vault secrets not configured (send_email_webhook_secret / edge_functions_base_url) — skipping HTTP call for email_logs.id=7c23db0f-8702-48a1-a09f-99e5ee99151f
NOTICE:  send_email_log_webhook: Vault secrets not configured (send_email_webhook_secret / edge_functions_base_url) — skipping HTTP call for email_logs.id=2832f86b-4379-43e9-bacd-fdc563b156d3
NOTICE:  send_email_log_webhook: Vault secrets not configured (send_email_webhook_secret / edge_functions_base_url) — skipping HTTP call for email_logs.id=888b8887-a624-44b1-a473-0ae59258c4fe
NOTICE:  PASS (z): el núcleo, con una orden cuyo origen es un remito válido, no descuenta ni escribe movimientos y congela los snapshots de la orden.
NOTICE:  PASS (n): los 10 orígenes inválidos (otra cuenta, anulado, convertido, otro cliente, otra sucursal, producto, unidad, cantidad, línea de más, sin líneas) rebotan con P0409 delivery_note_order_mismatch sin efectos.
ERROR:  GATE REMITO-A-VENTA FAILED (abortó): 42883 / function "public.rpc_convert_delivery_note_to_sale(text,uuid,integer,uuid,uuid,uuid,text)" does not exist
CONTEXT:  PL/pgSQL function inline_code_block line 862 at RAISE
