Resetting local database...
WARN: config section [inbucket] is deprecated. Please use [local_smtp] instead.
Recreating database...
Initialising schema...
Seeding globals from roles.sql...
Applying migration 20250101000001_create_profiles.sql...
Applying migration 20250101000002_profile_trigger.sql...
Applying migration 20250101000003_create_tables.sql...
Applying migration 20250101000004_rls_policies.sql...
Applying migration 20250101000005_seed_courses.sql...
Applying migration 20250101000006_update_schema.sql...
Applying migration 20250101000007_refine_social.sql...
Applying migration 20250101000008_email_logs.sql...
Applying migration 20250101000009_email_webhook.sql...
Applying migration 20250101000010_community_tables.sql...
Applying migration 20250101000011_ai_alerts.sql...
Applying migration 20260227000100_admin_analytics_v1.sql...
Applying migration 20260227000200_deferred_metrics_prep.sql...
Applying migration 20260228000100_audit_index.sql...
Applying migration 20260228000101_rpc_sales.sql...
Applying migration 20260228000102_rpc_purchases.sql...
Applying migration 20260228000103_rpc_ai_insights.sql...
Applying migration 20260228000104_add_expense_description.sql...
Applying migration 20260228000200_ux_improvements.sql...
Applying migration 20260228000300_fix_operations_tables.sql...
Applying migration 20260228000301_fix_purchase_rpc.sql...
Applying migration 20260228000302_fix_sale_rpc.sql...
Applying migration 20260228000400_admin_kpi_metrics.sql...
Applying migration 20260228000500_fix_purchase_description.sql...
Applying migration 20260228000600_fix_rls_and_trigger.sql...
Applying migration 20260307000200_update_admin_module_stats.sql...
Applying migration 20260307000300_expand_admin_module_stats.sql...
Applying migration 20260309000000_create_landing_sections.sql...
Applying migration 20260309000001_seed_landing_data.sql...
Applying migration 20260309000002_seed_aliada_data.sql...
Applying migration 20260309000003_fix_ambiguous_column_analytics.sql...
Applying migration 20260309000004_fix_profile_names_and_rls.sql...
Applying migration 20260309000005_fix_posts_profiles_relationship.sql...
Applying migration 20260309000006_community_interactions.sql...
Applying migration 20260309000007_refine_community_rls.sql...
Applying migration 20260309000008_courses_full_schema.sql...
Applying migration 20260310000001_learning_platform.sql...
Applying migration 20260310000002_create_ai_insights.sql...
Applying migration 20260310000003_create_ai_conversations.sql...
Applying migration 20260310000004_create_fair_recommendations.sql...
Applying migration 20260310000005_create_seguros.sql...
Applying migration 20260310000006_extend_admin_tables.sql...
Applying migration 20260311000010_fix_rpc_admin_stats_community.sql...
Applying migration 20260418000001_fix_product_fk_set_null.sql...
Applying migration 20260418000002_rpc_safe_delete_product.sql...
Applying migration 20260418000003_add_operation_id.sql...
Applying migration 20260424000001_beta_all_users_pro.sql...
Applying migration 20260424000002_fix_handle_new_user_trigger.sql...
Applying migration 20260424000003_add_is_variant_to_products.sql...
Applying migration 20260424000004_phase3_variant_guard_rpcs.sql...
Applying migration 20260424000005_phase3_purchase_rpc_guard.sql...
Applying migration 20260425000001_security_hardening.sql...
Applying migration 20260425000002_rename_aliada_to_aliadata.sql...
Applying migration 20260426000001_drop_vulnerable_rpc_overloads.sql...
Applying migration 20260430000000_refactor_financial_kpis.sql...
Applying migration 20260430000001_refactor_critical_stock_kpi.sql...
Applying migration 20260430000002_refactor_activation_rate_kpi.sql...
Applying migration 20260430000003_refactor_umv_rate_kpi.sql...
Applying migration 20260430000004_refactor_paid_conversion_kpi.sql...
Applying migration 20260430000005_refactor_community_interactions_kpi.sql...
Applying migration 20260430000006_refactor_insights_breakdown_kpi.sql...
Applying migration 20260430000007_fix_kpi_rpc_security.sql...
Applying migration 20260509153624_add_date_param_to_rpcs.sql...
Applying migration 20260509210816_create_stock_movements.sql...
Applying migration 20260509211504_create_units_of_measure.sql...
Applying migration 20260509213302_integer_to_numeric_types.sql...
Applying migration 20260509213410_drop_rpc_integer_overloads.sql...
Applying migration 20260509214856_etapa3_unit_id_on_operations.sql...
Applying migration 20260509221911_etapa5_backfill_base_unit.sql...
Applying migration 20260509230813_fix_check_low_stock_security_definer.sql...
Applying migration 20260510000001_extend_profiles.sql...
Applying migration 20260510120000_add_barcode_indexes.sql...
Applying migration 20260510215934_invoice_ocr_system.sql...
Applying migration 20260510232324_sale_notifications.sql...
Applying migration 20260517000000_ci_compat_stubs.sql...
Applying migration 20260517000001_fix_security_advisor.sql...
Applying migration 20260517000002_fix_function_search_path.sql...
Applying migration 20260517000003_fix_rls_initplan_and_indexes.sql...
Applying migration 20260519140854_rpc_atomic_update_sale_operation_stub.sql...
Applying migration 20260519140914_rpc_atomic_update_purchase_operation_stub.sql...
Applying migration 20260520000001_rpc_atomic_update_sale_operation.sql...
Applying migration 20260520000002_rpc_atomic_update_purchase_operation.sql...
Applying migration 20260526155531_add_sku_and_product_attributes.sql...
Applying migration 20260526162240_rpc_bulk_upsert_parent_name.sql...
Applying migration 20260526201027_add_pagination_indexes.sql...
Applying migration 20260527000001_inventory_movements_v2.sql...
Applying migration 20260527000002_wire_movements_to_rpcs.sql...
Applying migration 20260527000003_fix_critical_rpc_bugs.sql...
Applying migration 20260527000004_ledger_immutability.sql...
Applying migration 20260527000005_movements_next_sprint.sql...
Applying migration 20260528161955_operation_idempotency.sql...
Applying migration 20260528162050_rpc_create_operation_aggregate.sql...
Applying migration 20260528164840_drop_dead_rpc_overloads.sql...
Applying migration 20260531224502_rpc_amount_guard.sql...
Applying migration 20260531230737_idempotency_constraint_fix.sql...
Applying migration 20260531232331_idempotency_key_length.sql...
Applying migration 20260604000001_community_rls_plan_check.sql...
Applying migration 20260605000001_billing_schema.sql...
Applying migration 20260605030000_gating_rls_update.sql...
Applying migration 20260605040000_grace_period.sql...
Applying migration 20260606000001_tenant_tables.sql...
Applying migration 20260606000002_tenant_backfill.sql...
Applying migration 20260606000003_account_id_columns.sql...
Applying migration 20260606000004_rls_tenant_scoping.sql...
Applying migration 20260606000005_rpc_account_scoping.sql...
Applying migration 20260606000006_invitation_rpcs.sql...
Applying migration 20260606010000_roles_internos.sql...
Applying migration 20260606100000_ai_usage_counters.sql...
Applying migration 20260606110000_product_profitability.sql...
Applying migration 20260606120000_period_comparison.sql...
Applying migration 20260607000000_sucursales_module.sql...
Applying migration 20260607000001_rpc_branch_support.sql...
Applying migration 20260607000002_branch_filter_dashboard.sql...
Applying migration 20260607000003_fix_idempotency_conflict_target.sql...
Applying migration 20260608000000_branch_stock.sql...
Applying migration 20260609000001_billing_upgrade_flow.sql...
Applying migration 20260610000000_export_module.sql...
Applying migration 20260610000001_fix_dashboard_financials_total_account.sql...
Applying migration 20260610000002_drop_vulnerable_dashboard_financials_overload.sql...
Applying migration 20260611000000_rpc_dashboard_kpi_summary.sql...
Applying migration 20260612000000_sales_channel.sql...
Applying migration 20260613000001_v20_backfill_account_id.sql...
Applying migration 20260613000002_v20_suppliers_account_id.sql...
Applying migration 20260613000003_v20_companies_to_accounts.sql...
Applying migration 20260613000004_v20_suppliers_rls.sql...
Applying migration 20260613000005_register_phone_locality.sql...
Applying migration 20260614000000_clients_fiscal_identity.sql...
Applying migration 20260615000000_community_schema_create.sql...
Applying migration 20260615000001_community_schema_move.sql...
Applying migration 20260615000002_community_profiles_view.sql...
Applying migration 20260616000001_v20_sale_items_schema.sql...
Applying migration 20260616000002_v20_backfill_sale_items.sql...
Applying migration 20260616000003_v20_rpc_v2_sale_purchase.sql...
Applying migration 20260616000004_v20_compat_views.sql...
Applying migration 20260616000005_v20_advisor_fixes.sql...
Applying migration 20260616000006_v20_dashboard_channel_margin.sql...
Applying migration 20260616000007_fix_purchase_rpc_ambiguity.sql...
Applying migration 20260616000008_fix_purchase_v2_idempotency_conflict.sql...
Applying migration 20260616000009_fix_compat_views_service_lines.sql...
Applying migration 20260620000001_c21_inventory_unification_migration_a.sql...
Applying migration 20260620000002_c21_rpc_bulk_upsert_dual_write.sql...
Applying migration 20260620000003_c21_sistema_b_drop_guard.sql...
Applying migration 20260620000004_c21_products_stock_drop_guard.sql...
Applying migration 20260621000001_c21_drop_sistema_b.sql...
Applying migration 20260622000001_c21_hotfix_rpc_dual_write_branch_stock.sql...
Applying migration 20260623000001_c21_checkpoint2_drop_products_stock.sql...
Applying migration 20260624000001_fix_invalid_errcodes_5char.sql...
Applying migration 20260625000001_c26_branch_as_root.sql...
Applying migration 20260625000002_c26_fix_helper_upsert_check.sql...
Applying migration 20260627000001_c27_fiscal_profile.sql...
Applying migration 20260628000001_billing_receipt_number.sql...
Applying migration 20260628000002_new_user_admin_notice.sql...
Applying migration 20260628000003_email_webhook_prod.sql...
Applying migration 20260629000001_unify_insights.sql...
Applying migration 20260629000002_cleanup_insights_legacy.sql...
Applying migration 20260630000001_purge_cron_job_run_details.sql...
Applying migration 20260701000001_c28_cash_session.sql...
Applying migration 20260701000002_c28_cashboxes_insert_policy.sql...
Applying migration 20260702000001_c29_quote_salesorder.sql...
Applying migration 20260702000002_c29_hotfix_events_outbox_nullable.sql...
Applying migration 20260718000001_c25_events_outbox_reconcile.sql...
Applying migration 20260719000001_c27_cae_relay_trigger.sql...
Applying migration 20260720000001_c30_customer_supplier_accounts.sql...
Applying migration 20260720000002_c30_hotfix_operation_kind_check.sql...
Applying migration 20260721000001_c29_write_sale_items.sql...
Applying migration 20260724000001_c31_wsaa_access_tickets.sql...
Applying migration 20260724000002_v22_subscription_payment_invoicing.sql...
Applying migration 20260731222521_send_email_webhook_hardening.sql...
Applying migration 20260800000001_v22_fiscal_profiles_delegation.sql...
Applying migration 20260800000002_v22_platform_wsaa_tickets.sql...
Applying migration 20260800000003_fix_new_user_account_provisioning.sql...
Applying migration 20260800000004_auth_jwt_role_hook.sql...
Applying migration 20260800000005_fix_subscription_invoice_admin_owner_column.sql...
Applying migration 20260800000006_fiscal_receptor_iva_relay.sql...
Applying migration 20260801000001_emit_sale_invoice.sql...
Applying migration 20260801000002_register_name_terms_captcha.sql...
Applying migration 20260801000003_register_province_admin_email.sql...
Applying migration 20260802000001_cost_center_dimension.sql...
Applying migration 20260803000001_journal_entry_schema.sql...
Applying migration 20260803000002_purchase_created_producer.sql...
Applying migration 20260803000003_credit_note_producer.sql...
Applying migration 20260804000001_promote_legacy_sale_to_order.sql...
Applying migration 20260804000002_bank_account_ledger.sql...
Applying migration 20260804000003_fix_c28_cash_movement_balance.sql...
Applying migration 20260804000004_fix_purchase_rpc_onconflict_branchstock.sql...
Applying migration 20260804000005_fix_outbox_consumer_idempotency.sql...
Applying migration 20260804000006_fix_audit_logs_notnull.sql...
Applying migration 20260804000007_bank_payment_routing.sql...
Applying migration 20260804000008_fix_bank_payment_routing_gate_cleanup.sql...
Applying migration 20260805000001_bank_reconciliation.sql...
Applying migration 20260806000001_v3_snapshot_pattern.sql...
Applying migration 20260806000002_fix_v3_snapshot_gate_cleanup.sql...
Applying migration 20260807000001_v3_document_status_history.sql...
Applying migration 20260808000001_v3_notifications_realtime.sql...
Applying migration 20260808000002_v3_notifications_producers.sql...
Applying migration 20260808000003_v3_notifications_advisor_revoke.sql...
Applying migration 20260809000001_branch_min_stock_realign.sql...
Applying migration 20260810000000_fix_ci_stub_sale_purchase_line_fks.sql...
Applying migration 20260810000001_fk_account_id_line_items.sql...
Applying migration 20260811000001_v3_soft_delete_masters.sql...
Applying migration 20260811000004_v3_soft_delete_reconcile.sql...
Applying migration 20260812000001_v3_provisioning_seed.sql...
Applying migration 20260813000001_v3_client_addresses.sql...
Applying migration 20260814000001_v3_reporting_invariants.sql...
Applying migration 20260815000001_v3_api_standards.sql...
Applying migration 20260816000001_v31_fsm_status_triggers.sql...
Applying migration 20260817000001_billing_pro_trial_schema.sql...
Applying migration 20260817000002_billing_pro_trial_backfill.sql...
Applying migration 20260818000001_revoke_guard_fn_execute.sql...
Applying migration 20260819000001_billing_edge_effective_plan.sql...
Applying migration 20260820000001_revoke_billing_trial_fn_execute.sql...
Applying migration 20260821000001_revoke_billing_cancellations_fn_execute.sql...
Applying migration 20260822000001_revoke_trigger_only_fn_execute.sql...
Applying migration 20260823000001_restore_critical_stock_kpi_invariants.sql...
Applying migration 20260823000002_grant_admin_kpi_fns_authenticated.sql...
Applying migration 20260824000001_revoke_anon_rest_legit_fns.sql...
Applying migration 20260825000001_restore_paid_conversion_kpi.sql...
Applying migration 20260825000002_grant_close_cash_session_authenticated.sql...
Applying migration 20260826000001_revoke_anon_analyze_bucket.sql...
Applying migration 20260827000001_v31_authz_token_hook.sql...
Applying migration 20260828000001_v31_rls_collision_rpcs.sql...
Applying migration 20260829000001_mp_real_subscriptions_schema.sql...
Applying migration 20260830000001_revoke_auth_internal_only_fns.sql...
Applying migration 20260830000002_mp_real_subscriptions_producers.sql...
Applying migration 20260831000001_create_missing_increment_seguros_clicks_rpc.sql...
Applying migration 20260901000001_cost_center_report.sql...
Applying migration 20260902000001_fix_account_members_rls_recursion.sql...
Applying migration 20260903000001_fix_email_logs_null_collision.sql...
Applying migration 20260904000001_landing_sections_explicit_anon_grants.sql...
Applying migration 20260905000001_landing_sections_admin_write_policy.sql...
Applying migration 20260906000001_operation_idempotency_h1_contract.sql...
Applying migration 20260907000001_business_day_timezone_sweep.sql...
Applying migration 20260913000001_critical_stock_by_branch.sql...
Applying migration 20260914000001_analytics_events_revival.sql...
Applying migration 20260916000001_kpi_branch_consistency.sql...
Applying migration 20260917000001_admin_kpi_refresh.sql...
Applying migration 20260918000001_community_counter_triggers_schema_fix.sql...
Applying migration 20260919000001_analytics_events_backfill.sql...
Applying migration 20260920000001_kpi_branch_nc_attribution.sql...
Applying migration 20260921000001_admin_kpi_freemium_retention.sql...
Applying migration 20260922000001_client_activity_support_index.sql...
Applying migration 20260923000001_internal_logs_retention.sql...
Applying migration 20260924000001_activate_sale_items_rpc_v2.sql...
Applying migration 20260925000001_cleanup_analytics_and_line_account_id.sql...
Applying migration 20260926000001_edicion_operaciones_lineas.sql...
Applying migration 20260927000001_stock_movements_edicion.sql...
Applying migration 20260928000001_payment_methods_operaciones.sql...
Applying migration 20260929000001_pos_catalogo_pagos.sql...
Applying migration 20260930000001_edicion_preserva_contexto.sql...
Applying migration 20261001000001_pagos_cableados_restantes.sql...
Applying migration 20261002000001_pos_banco_movimientos.sql...
Applying migration 20261003000001_limpiezas_pagos_admin.sql...
Applying migration 20261004000001_asiento_venta_formulario.sql...
Applying migration 20261004000002_asiento_venta_formulario_acl_fix.sql...
Applying migration 20261005000001_delete_guard_ledgers.sql...
Applying migration 20261006000001_banco_caja_historial_ajustes.sql...
Applying migration 20261007000001_cuentas_billetera_tipo.sql...
Applying migration 20261009000001_compras_proveedor_cuenta_corriente.sql...
Applying migration 20261010000001_revoke_internal_money_helpers.sql...
Applying migration 20261011000001_cuenta_corriente_party_guard.sql...
Applying migration 20261012000001_revoke_outbox_cross_tenant.sql...
Applying migration 20261013000001_tenancy_guard_caja_sesion.sql...
Applying migration 20261014000001_sucursal_guard_vaciado_auditoria.sql...
Applying migration 20261015000001_gastos_forma_pago.sql...
Applying migration 20261016000001_qa_integral_fixes.sql...
Applying migration 20261017000001_seguros_perfil_asesor.sql...
Applying migration 20261018000001_caja_compras_cobranzas.sql...
Applying migration 20261019000001_cobranzas_reverso.sql...
Applying migration 20261020000001_cobranzas_catalogo_pagos.sql...
Applying migration 20261021000001_receivables_report.sql...
Applying migration 20261022000001_cobranzas_vencimientos.sql...
Applying migration 20261023000001_productos_categorias_sku.sql...
Applying migration 20261024000001_estadisticas_ventas_e1.sql...
Applying migration 20261025000001_estadisticas_ventas_e2.sql...
Applying migration 20261026000001_estadisticas_ventas_e3.sql...
Applying migration 20261027000001_subscription_webhook_idempotency_contract.sql...
Applying migration 20261028000001_subscription_charge_replay_on_resolve.sql...
Applying migration 20261029000001_receipts_for_subscription_charges.sql...
Applying migration 20261030000001_admin_module_operation_counts.sql...
Applying migration 20261031000001_products_barcode_account_scope.sql...
Applying migration 20261032000001_default_product_category.sql...
Applying migration 20261033000001_charge_due_date_update.sql...
Applying migration 20261034000001_bank_default_destination.sql...
Applying migration 20261035000001_revoke_anon_table_writes.sql...
Applying migration 20261036000001_c30_party_movement_helpers_definer.sql...
Applying migration 20261037000001_get_account_ids_for_user_own_membership.sql...
Applying migration 20261038000001_c28_register_cash_movement_revoke_authenticated.sql...
Applying migration 20261039000001_dashboard_critical_stock_items.sql...
Applying migration 20261040000001_productos_categoria_text_retiro.sql...
Applying migration 20261041000001_importador_gastos_transaccional.sql...
Applying migration 20261042000001_products_cost_nullable.sql...
Applying migration 20261043000001_asiento_contable_gastos.sql...
Applying migration 20261044000001_importador_productos_fastapi.sql...
Applying migration 20261045000001_operacion_party_guard.sql...
Applying migration 20261046000001_importador_gate_plan.sql...
Applying migration 20261047000001_v3_rbac_multirole_parte_a.sql...
Applying migration 20261048000001_v3_rbac_multirole_parte_b.sql...
Applying migration 20261049000001_v3_rbac_multirole_parte_c.sql...
Applying migration 20261050000001_membership_quota_effective_plan.sql...
Applying migration 20261051000001_accept_invitation_binding_realtime_fiscal.sql...
Applying migration 20261052000001_cortesia_pro_cuenta_b6005a59.sql...
Applying migration 20261053000001_accounts_profiles_privilege_columns.sql...
Applying migration 20261054000001_fiscal_emision_segura.sql...
Applying migration 20261056000001_registro_bonificacion_trial_po.sql...
Applying migration 20261058000001_fiscal_emit_pending_cae_consumidor_final.sql...
Applying migration 20261059000001_fiscal_marca_previa_e_insert_interno.sql...
Applying migration 20261060000001_venta_editable_sin_cae.sql...
Applying migration 20261061000001_venta_editable_vs_promocion_legacy.sql...
Applying migration 20261062000001_ventas_unidades_conversion.sql...
Applying migration 20261063000001_punto_venta_predeterminado.sql...
Applying migration 20261064000001_factura_fiscal_imprimible.sql...
Applying migration 20261065000001_unidades_decisiones_8_9.sql...
Applying migration 20261066000001_balanza_etiquetas_pos.sql...
Applying migration 20261067000001_presupuestos_modulo.sql...
Applying migration 20261068000001_presupuestos_conversion_venta.sql...
Applying migration 20261069000001_remitos_venta.sql...
Applying migration 20261070000001_remitos_venta_conversion.sql...
Applying migration 20261071000001_remitos_compra.sql...
Applying migration 20261072000001_stock_adjustment_account_branch.sql...
Applying migration 20261073000001_stock_ledger_cierre_escritura_directa.sql...
Applying migration 20261074000001_stock_ledger_nucleo_ajuste_manual.sql...
no files matched pattern: supabase/seed.sql
Restarting containers...
Finished supabase db reset on branch docs/stock-ledger-humo-local.
{"target":"local","version":"","message":"Reset local database."}
RESET_EXIT=0
