PASS  (a) alta manual precarga el COSTO ($700), no el precio de venta ($1200)  -> precio precargado 700
PASS  (a) producto sin costo: precio 0 con aviso "Sin precio"  -> precio  avisos 1
PASS  (a) remito de compra con el número siguiente RC-  -> RC-00000119|issued|rev1|56950854-2607-4eab-a360-d46c6a52ad82
PASS  (a) el stock SUBE exacto (harina +2,5; sin costo +3)  -> h 84->86.5 sc 22->25
PASS  (a) movimientos purchase/delivery_note con referencia al remito  -> purchase/delivery_note:2.5 purchase/delivery_note:3
PASS  (a) número del proveedor y proveedor persistidos; el costo de catálogo NO cambió  -> 700
PASS  (a) detalle: proveedor, N° del proveedor, "Ingresa a", badge Sin precio  -> Toggle Sidebar Detalle de remito Notificaciones RC-00000119 Pendiente  Proveedor Demo QA · Tel. 261 555-0303  Ingresa a: Casa Central Remito del proveedor: 0004-00001234 Fecha: 03/10/2026  1 línea sin
PASS  (a) /stock muestra "Remito RC-…" en el historial de movimientos  -> 17 filas
PASS  (b) el resumen del ajuste ("Entran… · Salen…") se muestra antes de guardar  -> Entran 3 kg de Harina 000 (por kg), 1 × Alfajor artesanal, 2 × Lote de tres QA a Casa Central · Salen 2 kg de Harina 000 (por kg), 4 × Alfajor artesanal, 2 × Aceite QA de Casa Central
PASS  (b) harina +1, alfajor -3, aceite -2, lote de tres +2  -> h 88.5->89.5 a 100025->100022 ac 31->29 t 3->5
PASS  (b) revisión 2 y el remito sigue pendiente  -> RC-00000120|issued|rev2|56950854-2607-4eab-a360-d46c6a52ad82
PASS  (b) invariante: Σ delta de movimientos = +Σ cantidad base de las líneas  -> 6 vs 6
PASS  (b) A=2/B=1 -> A=2/B=3: sólo un par espejo sobre B y cero sobre A; B +2  -> movs 2->4 h 1 a 3 stock h 91.5->91.5 a 100023->100025
PASS  (b) cargar el precio faltante no mueve stock y quita el "Sin precio"  -> 1->1 precio 800
PASS  (b) cambiar la sucursal traslada lo recibido (Casa Central -3, Norte +3) y el remito queda en Norte  -> br1 100028->100025 br2 99999->100002
PASS  (c) venta POS de 7 unidades (control)  -> 200 stock 3 {"sales_order_id":"241a5fb2-9b7d-4afc-a32e-4d7a70f4cd7b","operation_id":"3181a519-65dd-4364-8445-87640590f1a3","total":"
PASS  (c) el formulario avisa el mínimo (no se puede bajar de lo vendido)  -> Toggle Sidebar
Editar remito
Notificaciones
Editar RC-00000124

Los cambios reemplazan el contenido del remito y ajustan el stock sólo donde cambia.

Proveedor
Nuevo proveedor
Proveedor Demo QA
Sucursal de destino
Casa Central
Casa Central
Sucursal N
PASS  (c) bajar a 5 (resta 5, quedan 3) está bloqueado con el producto nombrado y SIN efectos  -> No se puede bajar la cantidad de: Producto escaso QA. Esa mercadería ya no está toda en el stock de Casa Central: subí la cantidad o ajustá el stock. |  Toggle Sidebar Editar remito Notificaciones Edi stock 3
PASS  (c) bajar a 8 (resta 2, quedan 3) funciona: stock 1  -> stock 1 RC-00000124|issued|rev2|56950854-2607-4eab-a360-d46c6a52ad82
PASS  (d) el diálogo enumera lo que SALE del stock ("Salen de …")  -> Anular RC-00000125  Anular es definitivo: el remito queda sin efecto y no se puede reabrir. Para corregir un dato, editalo en lugar de anularlo.  Salen de Casa Central: 1.500 kg de Harina 000 (por kg)
PASS  (d) sin motivo no se puede confirmar
PASS  (d) el stock BAJA lo recibido (harina -1,5; alfajor -2)  -> h 93->91.5 a 100027->100025
PASS  (d) terminal: canceled + motivo en el historial
PASS  (d) anular con mercadería vendida: bloqueado "Mercadería consumida", con el producto y las dos salidas  -> Anular RC-00000126  Anular es definitivo: el remito queda sin efecto y no se puede reabrir. Para corregir un dato, editalo en lugar de anularlo.  Salen de Casa Central: 6 × Producto escaso QA  Motivo de la anulación 40/500  Entre 3 y 500 caracteres. Queda en el historial.  No se puede restar «Produc
PASS  (d) sin efectos: remito pendiente, stock y movimientos intactos  -> RC-00000126|issued|rev1|56950854-2607-4eab-a360-d46c6a52ad82 2->2
PASS  (d) por API: 409 delivery_note_stock_consumed  -> 409 {"type":"about:blank","title":"Conflicto","status":409,"detail":"delivery_note_stock_consumed: de Producto escaso QA en la sucursal quedan 2, el remito necesita restar 6","code":"delivery_note_stock_c
PASS  (e) PDF 200 application/pdf con nombre remito-compra-RC-…  -> 200 application/pdf attachment; filename="remito-compra-RC-00000127.pdf"
PASS  (e) con precios: nombre -con-precios  -> attachment; filename="remito-compra-RC-00000127-con-precios.pdf"
PASS  (e) descarga por la UI con "Mostrar precios": nombre con precios  -> remito-compra-RC-00000127-con-precios.pdf
PASS  (f) WhatsApp abre wa.me con el teléfono del PROVEEDOR normalizado (54 9 + dígitos, convención móvil de ARG)  -> https://wa.me/5492615550303?text=Hola%20Proveedor%20Demo%20QA%2C%20te%20confirmo%20la%20recepci%C3%B3n%20de%20la%20mercader%C3%ADa%20del%20remito%20RC-00000128%
PASS  (f) el texto nombra la recepción, el número RC y el N° del proveedor  -> https://wa.me/5492615550303?text=Hola Proveedor Demo QA, te confirmo la recepción de la mercadería del remito RC-00000128 (tu remito N° A-77) el 03/10/2026. Mi Negocio
PASS  (f) proveedor sin teléfono: aviso "Agregá el teléfono del proveedor…" con enlace a /proveedores  -> aviso 1 href /proveedores
PASS  (g) depósito: ve Editar y NO "Anular"
FAIL  (g) el paso terminó sin excepción  -> TimeoutError: locator.waitFor: Timeout 90000ms exceeded.
PASS  (h) desde /proveedores abre el formulario con el proveedor precargado  -> Proveedor Dos QA
FAIL  (h) el paso terminó sin excepción  -> TimeoutError: locator.waitFor: Timeout 120000ms exceeded.
PASS  (i) pestaña De compra: muestra RC-… y proveedores, sin números R- de venta  -> Toggle Sidebar Remitos Notificaciones Remitos  Registrá la mercadería que recibís con un remito: suma stock al recibirse y la pasás a compra cuando ll
PASS  (i) el resumen de pendientes de compra con "sin precio"  -> Toggle Sidebar Remitos Notificaciones Remitos  Registrá la mercadería que recibís con un remito: suma stock al recibirse y la pasás a compra cuando llega la factura.  Nuevo remito de compra De venta D
PASS  (i) ?proveedor= se muestra como chip y filtra  -> Toggle Sidebar Remitos Notificaciones Remitos  Registrá la mercadería que recibís con un remito: suma stock al recibirse y la pasás a compra cuando llega la factura.  Nuevo remito de compra De venta D
PASS  (i) búsqueda por N° del proveedor encuentra el remito  -> Toggle Sidebar Remitos Notificaciones Remitos  Registrá la mercadería que recibís con un remito: suma stock al recibirse y la pasás a compra cuando llega la fac
PASS  (i) pestaña De venta: filas R- sin RC-  -> Toggle Sidebar Remitos Notificaciones Remitos  Entregá mercadería con un remito: descuenta stock al emitirse y lo pasás 
console errors: ["Failed to load resource: the server responded with a status of 409 (Conflict)","pageerror: SyntaxError: Invalid or unexpected token"]
RESUMEN humo compra: 39/41 PASS
FALLAN: (g) el paso terminó sin excepción | (h) el paso terminó sin excepción
