NOTICE:  send_email_log_webhook: Vault secrets not configured (send_email_webhook_secret / edge_functions_base_url) — skipping HTTP call for email_logs.id=2979bb35-19e6-47f0-b1d2-d331acdf26a8
NOTICE:  send_email_log_webhook: Vault secrets not configured (send_email_webhook_secret / edge_functions_base_url) — skipping HTTP call for email_logs.id=e46068b3-1249-448e-9960-107a78c80d71
[1] A: {"sub" : "d13a249a-1694-4da7-b9d7-c046a7b87256", "role" : "authenticated"} d13a249a-1694-4da7-b9d7-c046a7b87256 RES={"id": "da4bbec9-4f9d-40de-874a-c597eabb9434
[1] B: {"sub" : "d13a249a-1694-4da7-b9d7-c046a7b87256", "role" : "authenticated"} d13a249a-1694-4da7-b9d7-c046a7b87256 ERROR:  stock_insuficiente para producto 6c986ba
PASS (1): dos emisiones por la última unidad -> un remito; la otra esperó el lock del producto y recibió stock_insuficiente.
[2] A: {"sub" : "d13a249a-1694-4da7-b9d7-c046a7b87256", "role" : "authenticated"} d13a249a-1694-4da7-b9d7-c046a7b87256 RES={"id": "36e4ffad-d487-4b22-b5ea-5315d5e3bffd
[2] B: {"sub" : "d13a249a-1694-4da7-b9d7-c046a7b87256", "role" : "authenticated"} d13a249a-1694-4da7-b9d7-c046a7b87256 RES={"id": "36e4ffad-d487-4b22-b5ea-5315d5e3bffd
PASS (2): doble clic con la misma clave -> B esperó en el ON CONFLICT y devolvió el mismo remito con replayed = true; un solo descuento.
[3a] A: {"sub" : "d13a249a-1694-4da7-b9d7-c046a7b87256", "role" : "authenticated"} d13a249a-1694-4da7-b9d7-c046a7b87256 RES={"id": "4ee8ba99-637b-470d-9846-1c054594e1f6
[3a] B: {"sub" : "d13a249a-1694-4da7-b9d7-c046a7b87256", "role" : "authenticated"} d13a249a-1694-4da7-b9d7-c046a7b87256 ERROR:  delivery_note_changed: el remito cambió
PASS (3a): edición abierta vs anulación -> la anulación esperó el FOR UPDATE y recibió delivery_note_changed; Σ delta = -retenido.
[3b] A: {"sub" : "d13a249a-1694-4da7-b9d7-c046a7b87256", "role" : "authenticated"} d13a249a-1694-4da7-b9d7-c046a7b87256 RES={"id": "fc882b09-2b9a-44fa-bb84-94a15b32f194
[3b] B: {"sub" : "d13a249a-1694-4da7-b9d7-c046a7b87256", "role" : "authenticated"} d13a249a-1694-4da7-b9d7-c046a7b87256 ERROR:  delivery_note_invalid_state: el remito e
PASS (3b): anulación abierta vs edición -> la edición recibió delivery_note_invalid_state; stock repuesto una sola vez, ledger en 0.
[4a] A: {"sub" : "d13a249a-1694-4da7-b9d7-c046a7b87256", "role" : "authenticated"} d13a249a-1694-4da7-b9d7-c046a7b87256 RES=product_deleted  
[4a] B: {"sub" : "d13a249a-1694-4da7-b9d7-c046a7b87256", "role" : "authenticated"} d13a249a-1694-4da7-b9d7-c046a7b87256 ERROR:  product_not_found: 8bc3d2fa-6475-4243-b7
PASS (4a): baja del producto abierta vs emisión -> la emisión esperó el lock y, validando sobre la fila bloqueada, recibió product_not_found sin efectos.
[4b] A: {"sub" : "d13a249a-1694-4da7-b9d7-c046a7b87256", "role" : "authenticated"} d13a249a-1694-4da7-b9d7-c046a7b87256 RES={"id": "70ea7ca8-d7b0-4e1c-9239-70bf33194d4f
[4b] B: {"sub" : "d13a249a-1694-4da7-b9d7-c046a7b87256", "role" : "authenticated"} d13a249a-1694-4da7-b9d7-c046a7b87256 RES=product_deleted 
PASS (4b): emisión abierta vs baja -> la baja esperó al remito, que quedó emitido con el producto vivo al momento del lock.
[5] A: {"sub" : "d13a249a-1694-4da7-b9d7-c046a7b87256", "role" : "authenticated"} d13a249a-1694-4da7-b9d7-c046a7b87256 RES={"total": 200.00, "replayed": false, "operat
[5] B: {"sub" : "d13a249a-1694-4da7-b9d7-c046a7b87256", "role" : "authenticated"} d13a249a-1694-4da7-b9d7-c046a7b87256 ERROR:  delivery_note_invalid_state: el remito e
PASS (5): dos conversiones del mismo remito -> una venta; la otra esperó el FOR UPDATE y recibió delivery_note_invalid_state; stock intacto.
[5b] A: {"sub" : "d13a249a-1694-4da7-b9d7-c046a7b87256", "role" : "authenticated"} d13a249a-1694-4da7-b9d7-c046a7b87256 RES={"total": 100.00, "replayed": false, "operat
[5b] B: {"sub" : "d13a249a-1694-4da7-b9d7-c046a7b87256", "role" : "authenticated"} d13a249a-1694-4da7-b9d7-c046a7b87256 RES={"total": 100.00, "replayed": true, "operati
PASS (5b): doble clic con la misma clave -> la segunda esperó el remito e hizo replay de la misma venta.
[6a] A: {"sub" : "d13a249a-1694-4da7-b9d7-c046a7b87256", "role" : "authenticated"} d13a249a-1694-4da7-b9d7-c046a7b87256 RES={"total": 100.00, "replayed": false, "operat
[6a] B: {"sub" : "d13a249a-1694-4da7-b9d7-c046a7b87256", "role" : "authenticated"} d13a249a-1694-4da7-b9d7-c046a7b87256 ERROR:  delivery_note_locked_converted: el remit
PASS (6a): conversión abierta vs anulación -> la anulación esperó y recibió P0423 delivery_note_locked_converted.
[6b] A: {"sub" : "d13a249a-1694-4da7-b9d7-c046a7b87256", "role" : "authenticated"} d13a249a-1694-4da7-b9d7-c046a7b87256 RES={"id": "4e220670-b9ff-4765-8787-3d2e58f87db6
[6b] B: {"sub" : "d13a249a-1694-4da7-b9d7-c046a7b87256", "role" : "authenticated"} d13a249a-1694-4da7-b9d7-c046a7b87256 ERROR:  delivery_note_invalid_state: el remito e
PASS (6b): anulación abierta vs conversión -> la conversión recibió delivery_note_invalid_state; ninguna venta con el remito anulado.
[7a] A: {"sub" : "d13a249a-1694-4da7-b9d7-c046a7b87256", "role" : "authenticated"} d13a249a-1694-4da7-b9d7-c046a7b87256 RES={"id": "6e333f82-2dca-4acf-8f9f-ac38c171ee5e
[7a] B: {"sub" : "d13a249a-1694-4da7-b9d7-c046a7b87256", "role" : "authenticated"} d13a249a-1694-4da7-b9d7-c046a7b87256 ERROR:  delivery_note_changed: el remito cambió
PASS (7a): edición abierta vs conversión -> la conversión esperó y recibió delivery_note_changed, sin venta.
[7b] A: {"sub" : "d13a249a-1694-4da7-b9d7-c046a7b87256", "role" : "authenticated"} d13a249a-1694-4da7-b9d7-c046a7b87256 RES={"total": 100.00, "replayed": false, "operat
[7b] B: {"sub" : "d13a249a-1694-4da7-b9d7-c046a7b87256", "role" : "authenticated"} d13a249a-1694-4da7-b9d7-c046a7b87256 ERROR:  delivery_note_locked_converted: el remit
PASS (7b): conversión abierta vs edición -> la edición recibió P0423 delivery_note_locked_converted; versión intacta.
[8] A: {"sub" : "d13a249a-1694-4da7-b9d7-c046a7b87256", "role" : "authenticated"} d13a249a-1694-4da7-b9d7-c046a7b87256 RES=deleted:true  
[8] B: {"sub" : "d13a249a-1694-4da7-b9d7-c046a7b87256", "role" : "authenticated"} d13a249a-1694-4da7-b9d7-c046a7b87256 RES={"total": 200.00, "replayed": false, "operat
PASS (8): borrado de la venta abierto vs reconversión -> la reconversión esperó el remito y convirtió; sin interbloqueo, una venta viva, stock intacto.
[9] A: {"sub" : "d13a249a-1694-4da7-b9d7-c046a7b87256", "role" : "authenticated"} d13a249a-1694-4da7-b9d7-c046a7b87256 RES=deleted:true  
[9] B: {"sub" : "d13a249a-1694-4da7-b9d7-c046a7b87256", "role" : "authenticated"} d13a249a-1694-4da7-b9d7-c046a7b87256 RES={"id": "2033f844-42ec-46b2-841d-78ddf40be6ee
PASS (9): borrado de la venta abierto vs anulación -> la anulación esperó, encontró el remito issued y repuso el stock una sola vez.
[10] A: {"sub" : "d13a249a-1694-4da7-b9d7-c046a7b87256", "role" : "authenticated"} d13a249a-1694-4da7-b9d7-c046a7b87256 RES={"total": 200.00, "replayed": false, "operat
[10] B: {"sub" : "d13a249a-1694-4da7-b9d7-c046a7b87256", "role" : "authenticated"} d13a249a-1694-4da7-b9d7-c046a7b87256 RES={"id": "7ac2ee85-6716-46d6-be32-b3ff60303250
PASS (10): conversión pausada tras su primera línea vs emisión de otro remito con los mismos productos en orden inverso -> sin 40P01; la emisión esperó el FOR KEY SHARE ordenado de la conversión.
GATE REMITOS-VENTA-RACE PASSED: 15 carreras (las 9 de D16, en los dos órdenes donde aplica, más la 10 de la revisión 8.5) con bloqueo real verificado (residuo cero).
