
 RUN  v4.1.8 C:/Users/Usuario/Desktop/EIE/wt-remitos/frontend

Not implemented: navigation to another Document
 ❯ __tests__/components/SourceDocumentBadge.test.tsx (6 tests | 1 failed) 503ms
     × remito: el ícono es PackageCheck (el de Remitos), no Truck (el de Proveedores) 14ms
stderr | __tests__/components/ConvertDeliveryNoteDialog.test.tsx > ConvertDeliveryNoteDialog — el remito cambió (recarga sin cerrar) > tras invalid_state, con el remito recargado en converted: avisa el estado y sólo deja Cerrar
Warning: Missing `Description` or `aria-describedby={undefined}` for {DialogContent}.

stderr | __tests__/components/ConvertDeliveryNoteDialog.test.tsx > ConvertDeliveryNoteDialog — el remito cambió (recarga sin cerrar) > tras invalid_state, con el remito recargado en canceled: avisa el estado y sólo deja Cerrar
Warning: Missing `Description` or `aria-describedby={undefined}` for {DialogContent}.

 ❯ __tests__/components/ConvertDeliveryNoteDialog.test.tsx (35 tests | 2 failed) 3512ms
     × tras invalid_state, con el remito recargado en converted: avisa el estado y sólo deja Cerrar 93ms
     × tras invalid_state, con el remito recargado en canceled: avisa el estado y sólo deja Cerrar 85ms

⎯⎯⎯⎯⎯⎯⎯ Failed Tests 3 ⎯⎯⎯⎯⎯⎯⎯

 FAIL  __tests__/components/ConvertDeliveryNoteDialog.test.tsx > ConvertDeliveryNoteDialog — el remito cambió (recarga sin cerrar) > tras invalid_state, con el remito recargado en converted: avisa el estado y sólo deja Cerrar
TestingLibraryElementError: Unable to find an element with the text: /ya fue convertido en venta/i. This could be because the text is broken up by multiple elements. In this case, you can provide a function for your text matcher to make your matcher more flexible.

Ignored nodes: comments, script, style
[36m<div[39m
  [33maria-describedby[39m=[32m"radix-_r_24_"[39m
  [33maria-labelledby[39m=[32m"radix-_r_23_"[39m
  [33mclass[39m=[32m"fixed left-[50%] top-[50%] z-50 grid w-[calc(100vw-2rem)] sm:w-full max-w-lg translate-x-[-50%] translate-y-[-50%] gap-4 border p-6 shadow-elevation-4 duration-base max-h-[90dvh] data-[state=open]:animate-in data-[state=closed]:animate-out data-[state=closed]:fade-out-0 data-[state=open]:fade-in-0 data-[state=closed]:zoom-out-95 data-[state=open]:zoom-in-95 data-[state=closed]:slide-out-to-left-1/2 data-[state=closed]:slide-out-to-top-[48%] data-[state=open]:slide-in-from-left-1/2 data-[state=open]:slide-in-from-top-[48%] sm:rounded-lg bg-card border-border overflow-hidden sm:max-w-xl"[39m
  [33mdata-scanner-modal[39m=[32m""[39m
  [33mdata-state[39m=[32m"open"[39m
  [33mid[39m=[32m"radix-_r_22_"[39m
  [33mrole[39m=[32m"dialog"[39m
  [33mstyle[39m=[32m"pointer-events: auto;"[39m
  [33mtabindex[39m=[32m"-1"[39m
[36m>[39m
  [36m<div[39m
    [33mclass[39m=[32m"flex flex-col space-y-1.5 text-center sm:text-left"[39m
  [36m>[39m
    [36m<h2[39m
      [33mclass[39m=[32m"text-lg font-semibold leading-none tracking-tight text-card-foreground"[39m
      [33mid[39m=[32m"radix-_r_23_"[39m
    [36m>[39m
      [0mPasar a venta[0m
    [36m</h2>[39m
  [36m</div>[39m
  [36m<div[39m
    [33mclass[39m=[32m"flex max-h-[75dvh] min-w-0 flex-col gap-4 overflow-y-auto pr-1"[39m
  [36m>[39m
    [36m<section[39m
      [33maria-label[39m=[32m"Resumen del remito"[39m
      [33mclass[39m=[32m"flex min-w-0 flex-col gap-2"[39m
    [36m>[39m
      [36m<p[39m
        [33mclass[39m=[32m"text-sm text-muted-foreground"[39m
      [36m>[39m
        [0mR-00000012[0m
        [0m · [0m
        [0mAna Pérez[0m
      [36m</p>[39m
      [36m<ul[39m
        [33maria-label[39m=[32m"Líneas del remito"[39m
        [33mclass[39m=[32m"flex flex-col divide-y divide-border/60 rounded-lg border border-border bg-background"[39m
      [36m>[39m
        [36m<li[39m
          [33mclass[39m=[32m"flex items-baseline justify-between gap-3 px-3 py-2 text-sm"[39m
        [36m>[39m
          [36m<span[39m
            [33mclass[39m=[32m"min-w-0 break-words text-foreground"[39m
          [36m>[39m
            [0mRemera[0m
            [36m<span[39m
              [33mclass[39m=[32m"ml-1 text-xs tabular-nums text-muted-foreground"[39m
            [36m>[39m
              [0m× [0m
              [0m3[0m
              [0m u[0m
            [36m</span>[39m
          [36m</span>[39m
          [36m<span[39m
            [33mclass[39m=[32m"shrink-0 tabular-nums text-foreground"[39m
          [36m>[39m
            [0m$ 4.500[0m
          [36m</span>[39m
        [36m</li>[39m
        [36m<li[39m
          [33mclass[39m=[32m"flex items-baseline justify-between gap-3 px-3 py-2 text-sm"[39m
        [36m>[39m
          [36m<span[39m
            [33mclass[39m=[32m"min-w-0 break-words text-foreground"[39m
          [36m>[39m
            [0mQueso[0m
            [36m<span[39m
              [33mclass[39m=[32m"ml-1 text-xs tabular-nums text-muted-foreground"[39m
            [36m>[39m
              [0m× [0m
              [0m0,45[0m
              [0m kg[0m
            [36m</span>[39m
          [36m</span>[39m
          [36m<span[39m
            [33mclass[39m=[32m"shrink-0 tabular-nums text-foreground"[39m
          [36m>[39m
            [0m$ 0[0m
          [36m</span>[39m
        [36m</li>[39m
      [36m</ul>[39m
      [36m<div[39m
        [33mclass[39m=[32m"flex items-center justify-between gap-4 px-1"[39m
      [36m>[39m
        [36m<span[39m
          [33mclass[39m=[32m"text-sm text-muted-foreground"[39m
        [36m>[39m
          [0mTotal a cobrar[0m
        [36m</span>[39m
        [36m<span[39m
          [33mclass[39m=[32m"text-lg font-bold tabular-nums text-primary"[39m
          [33mdata-testid[39m=[32m"convert-delivery-note-total"[39m
        [36m>[39m
          [0m$ 4.500[0m
        [36m</span>[39m
      [36m</div>[39m
      [36m<p[39m
        [33mclass[39m=[32m"rounded-lg border border-border bg-muted/40 px-3 py-2 text-sm text-foreground"[39m
      [36m>[39m
        [0mEl stock ya se descontó al emitir el remito[0m
        [0m R-00000012[0m
        [0m: esta venta no lo vuelve a descontar.[0m
      [36m</p>[39m
    [36m</section>[39m
    [36m<fieldset[39m
      [33mclass[39m=[32m"flex min-w-0 flex-col gap-4 border-0 p-0"[39m
    [36m>[39m
      [36m<div[39m
        [33mclass[39m=[32m"flex flex-col gap-2"[39m
      [36m>[39m
        [36m<label[39m
          [33mclass[39m=[32m"font-medium peer-disabled:cursor-not-allowed peer-disabled:opacity-70 text-sm text-foreground"[39m
        [36m>[39m
          [0mSucursal[0m
        [36m</label>[39m
        [36m<p[39m
          [33mclass[39m=[32m"min-w-0 break-words rounded-md border border-border bg-muted/40 px-3 py-2 text-sm font-medium text-foreground"[39m
        [36m>[39m
          [0mSucursal Centro[0m
        [36m</p>[39m
      [36m</div>[39m
      [36m<select[39m
        [33maria-label[39m=[32m"Forma de pago"[39m
      [36m>[39m
        [36m<option[39m
          [33mvalue[39m=[32m""[39m
        [36m>[39m
          [0mElegí la forma de pago[0m
        [36m</option>[39m
        [36m<option[39m
          [33mvalue[39m=[32m"pm-cash"[39m
        [36m>[39m
          [0mEfectivo[0m
        [36m</option>[39m
        [36m<option[39m
          [33mvalue[39m=[32m"pm-transfer"[39m
        [36m>[39m
          [0mTransferencia[0m
        [36m</option>[39m
        [36m<option[39m
          [33mvalue[39m=[32m"pm-credit"[39m
        [36m>[39m
          [0mCuenta corriente[0m
        [36m</option>[39m
      [36m</select>[39m
      [36m<select[39m
        [33maria-label[39m=[32m"Cuenta bancaria"[39m
      [36m>[39m
        [36m<option[39m
          [33mvalue[39m=[32m""[39m
        [36m>[39m
          [0mUsar el destino configurado[0m
        [36m</option>[39m
        [36m<option[39m
          [33mvalue[39m=[32m"ba-1"[39m
        [36m>[39m
          [0mBanco Nación[0m
        [36m</option>[39m
      [36m</select>[39m
    [36m</fieldset>[39m
    [36m<div[39m
      [33mclass[39m=[32m"flex flex-col gap-1 rounded-lg border border-destructive/40 bg-destructive/10 px-4 py-3 text-sm text-foreground"[39m
      [33mrole[39m=[32m"alert"[39m
    [36m>[39m
      [36m<p>[39m
        [0mEl remito ya no está en un estado que permita esta acción (puede que ya se haya convertido en venta o anulado). Actualizá la pantalla para ver cómo quedó.[0m
      [36m</p>[39m
    [36m</div>[39m
    [36m<div[39m
      [33mclass[39m=[32m"flex justify-end gap-2"[39m
    [36m>[39m
      [36m<button[39m
        [33mclass[39m=[32m"inline-flex items-center justify-center gap-2 whitespace-nowrap rounded-md text-sm font-medium ring-offset-background transition-colors duration-base ease-standard focus-visible:outline-none focus-visible:ring-2 focus-visible:ring-ring focus-visible:ring-offset-2 disabled:pointer-events-none disabled:opacity-50 [&_svg]:pointer-events-none [&_svg]:size-4 [&_svg]:shrink-0 border border-input bg-background hover:bg-accent hover:text-accent-foreground h-11 px-4 py-2 md:h-10"[39m
        [33mtype[39m=[32m"button"[39m
      [36m>[39m
        [0mCancelar[0m
      [36m</button>[39m
      [36m<button[39m
        [33mclass[39m=[32m"inline-flex items-center justify-center gap-2 whitespace-nowrap rounded-md text-sm font-medium ring-offset-background transition-colors duration-base ease-standard focus-visible:outline-none focus-visible:ring-2 focus-visible:ring-ring focus-visible:ring-offset-2 disabled:pointer-events-none disabled:opacity-50 [&_svg]:pointer-events-none [&_svg]:size-4 [&_svg]:shrink-0 bg-primary text-primary-foreground hover:bg-primary/90 h-11 px-4 py-2 md:h-10"[39m
        [33mtype[39m=[32m"button"[39m
      [36m>[39m
        [0mRegistrar venta[0m
      [36m</button>[39m
    [36m</div>[39m
  [36m</div>[39m
  [36m<button[39m
    [33mclass[39m=[32m"absolute right-4 top-4 rounded-sm opacity-70 ring-offset-background transition-opacity hover:opacity-100 focus:outline-none focus:ring-2 focus:ring-ring focus:ring-offset-2 disabled:pointer-events-none data-[state=open]:bg-accent data-[state=open]:text-muted-foreground"[39m
    [33mtype[39m=[32m"button"[39m
  [36m>[39m
    [36m<svg[39m
      [33maria-hidden[39m=[32m"true"[39m
      [33mclass[39m=[32m"lucide lucide-x h-4 w-4"[39m
      [33mfill[39m=[32m"none"[39m
      [33mheight[39m=[32m"24"[39m
      [33mstroke[39m=[32m"currentColor"[39m
      [33mstroke-linecap[39m=[32m"round"[39m
      [33mstroke-linejoin[39m=[32m"round"[39m
      [33mstroke-width[39m=[32m"2"[39m
      [33mviewBox[39m=[32m"0 0 24 24"[39m
      [33mwidth[39m=[32m"24"[39m
      [33mxmlns[39m=[32m"http://www.w3.org/2000/svg"[39m
    [36m>[39m
      [36m<path[39m
        [33md[39m=[32m"M18 6 6 18"[39m
      [36m/>[39m
      [36m<path[39m
        [33md[39m=[32m"m6 6 12 12"[39m
      [36m/>[39m
    [36m</svg>[39m
    [36m<span[39m
      [33mclass[39m=[32m"sr-only"[39m
    [36m>[39m
      [0mClose[0m
    [36m</span>[39m
  [36m</button>[39m
[36m</div>[39m
 ❯ Object.getElementError ../node_modules/.pnpm/@testing-library+dom@10.4.1/node_modules/@testing-library/dom/dist/config.js:37:19
 ❯ ../node_modules/.pnpm/@testing-library+dom@10.4.1/node_modules/@testing-library/dom/dist/query-helpers.js:76:38
 ❯ ../node_modules/.pnpm/@testing-library+dom@10.4.1/node_modules/@testing-library/dom/dist/query-helpers.js:52:17
 ❯ ../node_modules/.pnpm/@testing-library+dom@10.4.1/node_modules/@testing-library/dom/dist/query-helpers.js:95:19
 ❯ __tests__/components/ConvertDeliveryNoteDialog.test.tsx:463:29
    461|
    462|       const dialog = screen.getByRole("dialog")
    463|       expect(within(dialog).getByText(message)).toBeInTheDocument()
       |                             ^
    464|       expect(within(dialog).queryByRole("button", { name: /^registrar …
    465|       expect(within(dialog).queryByLabelText("Forma de pago")).not.toB…

⎯⎯⎯⎯⎯⎯⎯⎯⎯⎯⎯⎯⎯⎯⎯⎯⎯⎯⎯⎯⎯⎯⎯⎯[1/3]⎯

 FAIL  __tests__/components/ConvertDeliveryNoteDialog.test.tsx > ConvertDeliveryNoteDialog — el remito cambió (recarga sin cerrar) > tras invalid_state, con el remito recargado en canceled: avisa el estado y sólo deja Cerrar
TestingLibraryElementError: Unable to find an element with the text: /ya fue anulado/i. This could be because the text is broken up by multiple elements. In this case, you can provide a function for your text matcher to make your matcher more flexible.

Ignored nodes: comments, script, style
[36m<div[39m
  [33maria-describedby[39m=[32m"radix-_r_27_"[39m
  [33maria-labelledby[39m=[32m"radix-_r_26_"[39m
  [33mclass[39m=[32m"fixed left-[50%] top-[50%] z-50 grid w-[calc(100vw-2rem)] sm:w-full max-w-lg translate-x-[-50%] translate-y-[-50%] gap-4 border p-6 shadow-elevation-4 duration-base max-h-[90dvh] data-[state=open]:animate-in data-[state=closed]:animate-out data-[state=closed]:fade-out-0 data-[state=open]:fade-in-0 data-[state=closed]:zoom-out-95 data-[state=open]:zoom-in-95 data-[state=closed]:slide-out-to-left-1/2 data-[state=closed]:slide-out-to-top-[48%] data-[state=open]:slide-in-from-left-1/2 data-[state=open]:slide-in-from-top-[48%] sm:rounded-lg bg-card border-border overflow-hidden sm:max-w-xl"[39m
  [33mdata-scanner-modal[39m=[32m""[39m
  [33mdata-state[39m=[32m"open"[39m
  [33mid[39m=[32m"radix-_r_25_"[39m
  [33mrole[39m=[32m"dialog"[39m
  [33mstyle[39m=[32m"pointer-events: auto;"[39m
  [33mtabindex[39m=[32m"-1"[39m
[36m>[39m
  [36m<div[39m
    [33mclass[39m=[32m"flex flex-col space-y-1.5 text-center sm:text-left"[39m
  [36m>[39m
    [36m<h2[39m
      [33mclass[39m=[32m"text-lg font-semibold leading-none tracking-tight text-card-foreground"[39m
      [33mid[39m=[32m"radix-_r_26_"[39m
    [36m>[39m
      [0mPasar a venta[0m
    [36m</h2>[39m
  [36m</div>[39m
  [36m<div[39m
    [33mclass[39m=[32m"flex max-h-[75dvh] min-w-0 flex-col gap-4 overflow-y-auto pr-1"[39m
  [36m>[39m
    [36m<section[39m
      [33maria-label[39m=[32m"Resumen del remito"[39m
      [33mclass[39m=[32m"flex min-w-0 flex-col gap-2"[39m
    [36m>[39m
      [36m<p[39m
        [33mclass[39m=[32m"text-sm text-muted-foreground"[39m
      [36m>[39m
        [0mR-00000012[0m
        [0m · [0m
        [0mAna Pérez[0m
      [36m</p>[39m
      [36m<ul[39m
        [33maria-label[39m=[32m"Líneas del remito"[39m
        [33mclass[39m=[32m"flex flex-col divide-y divide-border/60 rounded-lg border border-border bg-background"[39m
      [36m>[39m
        [36m<li[39m
          [33mclass[39m=[32m"flex items-baseline justify-between gap-3 px-3 py-2 text-sm"[39m
        [36m>[39m
          [36m<span[39m
            [33mclass[39m=[32m"min-w-0 break-words text-foreground"[39m
          [36m>[39m
            [0mRemera[0m
            [36m<span[39m
              [33mclass[39m=[32m"ml-1 text-xs tabular-nums text-muted-foreground"[39m
            [36m>[39m
              [0m× [0m
              [0m3[0m
              [0m u[0m
            [36m</span>[39m
          [36m</span>[39m
          [36m<span[39m
            [33mclass[39m=[32m"shrink-0 tabular-nums text-foreground"[39m
          [36m>[39m
            [0m$ 4.500[0m
          [36m</span>[39m
        [36m</li>[39m
        [36m<li[39m
          [33mclass[39m=[32m"flex items-baseline justify-between gap-3 px-3 py-2 text-sm"[39m
        [36m>[39m
          [36m<span[39m
            [33mclass[39m=[32m"min-w-0 break-words text-foreground"[39m
          [36m>[39m
            [0mQueso[0m
            [36m<span[39m
              [33mclass[39m=[32m"ml-1 text-xs tabular-nums text-muted-foreground"[39m
            [36m>[39m
              [0m× [0m
              [0m0,45[0m
              [0m kg[0m
            [36m</span>[39m
          [36m</span>[39m
          [36m<span[39m
            [33mclass[39m=[32m"shrink-0 tabular-nums text-foreground"[39m
          [36m>[39m
            [0m$ 0[0m
          [36m</span>[39m
        [36m</li>[39m
      [36m</ul>[39m
      [36m<div[39m
        [33mclass[39m=[32m"flex items-center justify-between gap-4 px-1"[39m
      [36m>[39m
        [36m<span[39m
          [33mclass[39m=[32m"text-sm text-muted-foreground"[39m
        [36m>[39m
          [0mTotal a cobrar[0m
        [36m</span>[39m
        [36m<span[39m
          [33mclass[39m=[32m"text-lg font-bold tabular-nums text-primary"[39m
          [33mdata-testid[39m=[32m"convert-delivery-note-total"[39m
        [36m>[39m
          [0m$ 4.500[0m
        [36m</span>[39m
      [36m</div>[39m
      [36m<p[39m
        [33mclass[39m=[32m"rounded-lg border border-border bg-muted/40 px-3 py-2 text-sm text-foreground"[39m
      [36m>[39m
        [0mEl stock ya se descontó al emitir el remito[0m
        [0m R-00000012[0m
        [0m: esta venta no lo vuelve a descontar.[0m
      [36m</p>[39m
    [36m</section>[39m
    [36m<fieldset[39m
      [33mclass[39m=[32m"flex min-w-0 flex-col gap-4 border-0 p-0"[39m
    [36m>[39m
      [36m<div[39m
        [33mclass[39m=[32m"flex flex-col gap-2"[39m
      [36m>[39m
        [36m<label[39m
          [33mclass[39m=[32m"font-medium peer-disabled:cursor-not-allowed peer-disabled:opacity-70 text-sm text-foreground"[39m
        [36m>[39m
          [0mSucursal[0m
        [36m</label>[39m
        [36m<p[39m
          [33mclass[39m=[32m"min-w-0 break-words rounded-md border border-border bg-muted/40 px-3 py-2 text-sm font-medium text-foreground"[39m
        [36m>[39m
          [0mSucursal Centro[0m
        [36m</p>[39m
      [36m</div>[39m
      [36m<select[39m
        [33maria-label[39m=[32m"Forma de pago"[39m
      [36m>[39m
        [36m<option[39m
          [33mvalue[39m=[32m""[39m
        [36m>[39m
          [0mElegí la forma de pago[0m
        [36m</option>[39m
        [36m<option[39m
          [33mvalue[39m=[32m"pm-cash"[39m
        [36m>[39m
          [0mEfectivo[0m
        [36m</option>[39m
        [36m<option[39m
          [33mvalue[39m=[32m"pm-transfer"[39m
        [36m>[39m
          [0mTransferencia[0m
        [36m</option>[39m
        [36m<option[39m
          [33mvalue[39m=[32m"pm-credit"[39m
        [36m>[39m
          [0mCuenta corriente[0m
        [36m</option>[39m
      [36m</select>[39m
      [36m<select[39m
        [33maria-label[39m=[32m"Cuenta bancaria"[39m
      [36m>[39m
        [36m<option[39m
          [33mvalue[39m=[32m""[39m
        [36m>[39m
          [0mUsar el destino configurado[0m
        [36m</option>[39m
        [36m<option[39m
          [33mvalue[39m=[32m"ba-1"[39m
        [36m>[39m
          [0mBanco Nación[0m
        [36m</option>[39m
      [36m</select>[39m
    [36m</fieldset>[39m
    [36m<div[39m
      [33mclass[39m=[32m"flex flex-col gap-1 rounded-lg border border-destructive/40 bg-destructive/10 px-4 py-3 text-sm text-foreground"[39m
      [33mrole[39m=[32m"alert"[39m
    [36m>[39m
      [36m<p>[39m
        [0mEl remito ya no está en un estado que permita esta acción (puede que ya se haya convertido en venta o anulado). Actualizá la pantalla para ver cómo quedó.[0m
      [36m</p>[39m
    [36m</div>[39m
    [36m<div[39m
      [33mclass[39m=[32m"flex justify-end gap-2"[39m
    [36m>[39m
      [36m<button[39m
        [33mclass[39m=[32m"inline-flex items-center justify-center gap-2 whitespace-nowrap rounded-md text-sm font-medium ring-offset-background transition-colors duration-base ease-standard focus-visible:outline-none focus-visible:ring-2 focus-visible:ring-ring focus-visible:ring-offset-2 disabled:pointer-events-none disabled:opacity-50 [&_svg]:pointer-events-none [&_svg]:size-4 [&_svg]:shrink-0 border border-input bg-background hover:bg-accent hover:text-accent-foreground h-11 px-4 py-2 md:h-10"[39m
        [33mtype[39m=[32m"button"[39m
      [36m>[39m
        [0mCancelar[0m
      [36m</button>[39m
      [36m<button[39m
        [33mclass[39m=[32m"inline-flex items-center justify-center gap-2 whitespace-nowrap rounded-md text-sm font-medium ring-offset-background transition-colors duration-base ease-standard focus-visible:outline-none focus-visible:ring-2 focus-visible:ring-ring focus-visible:ring-offset-2 disabled:pointer-events-none disabled:opacity-50 [&_svg]:pointer-events-none [&_svg]:size-4 [&_svg]:shrink-0 bg-primary text-primary-foreground hover:bg-primary/90 h-11 px-4 py-2 md:h-10"[39m
        [33mtype[39m=[32m"button"[39m
      [36m>[39m
        [0mRegistrar venta[0m
      [36m</button>[39m
    [36m</div>[39m
  [36m</div>[39m
  [36m<button[39m
    [33mclass[39m=[32m"absolute right-4 top-4 rounded-sm opacity-70 ring-offset-background transition-opacity hover:opacity-100 focus:outline-none focus:ring-2 focus:ring-ring focus:ring-offset-2 disabled:pointer-events-none data-[state=open]:bg-accent data-[state=open]:text-muted-foreground"[39m
    [33mtype[39m=[32m"button"[39m
  [36m>[39m
    [36m<svg[39m
      [33maria-hidden[39m=[32m"true"[39m
      [33mclass[39m=[32m"lucide lucide-x h-4 w-4"[39m
      [33mfill[39m=[32m"none"[39m
      [33mheight[39m=[32m"24"[39m
      [33mstroke[39m=[32m"currentColor"[39m
      [33mstroke-linecap[39m=[32m"round"[39m
      [33mstroke-linejoin[39m=[32m"round"[39m
      [33mstroke-width[39m=[32m"2"[39m
      [33mviewBox[39m=[32m"0 0 24 24"[39m
      [33mwidth[39m=[32m"24"[39m
      [33mxmlns[39m=[32m"http://www.w3.org/2000/svg"[39m
    [36m>[39m
      [36m<path[39m
        [33md[39m=[32m"M18 6 6 18"[39m
      [36m/>[39m
      [36m<path[39m
        [33md[39m=[32m"m6 6 12 12"[39m
      [36m/>[39m
    [36m</svg>[39m
    [36m<span[39m
      [33mclass[39m=[32m"sr-only"[39m
    [36m>[39m
      [0mClose[0m
    [36m</span>[39m
  [36m</button>[39m
[36m</div>[39m
 ❯ Object.getElementError ../node_modules/.pnpm/@testing-library+dom@10.4.1/node_modules/@testing-library/dom/dist/config.js:37:19
 ❯ ../node_modules/.pnpm/@testing-library+dom@10.4.1/node_modules/@testing-library/dom/dist/query-helpers.js:76:38
 ❯ ../node_modules/.pnpm/@testing-library+dom@10.4.1/node_modules/@testing-library/dom/dist/query-helpers.js:52:17
 ❯ ../node_modules/.pnpm/@testing-library+dom@10.4.1/node_modules/@testing-library/dom/dist/query-helpers.js:95:19
 ❯ __tests__/components/ConvertDeliveryNoteDialog.test.tsx:463:29
    461|
    462|       const dialog = screen.getByRole("dialog")
    463|       expect(within(dialog).getByText(message)).toBeInTheDocument()
       |                             ^
    464|       expect(within(dialog).queryByRole("button", { name: /^registrar …
    465|       expect(within(dialog).queryByLabelText("Forma de pago")).not.toB…

⎯⎯⎯⎯⎯⎯⎯⎯⎯⎯⎯⎯⎯⎯⎯⎯⎯⎯⎯⎯⎯⎯⎯⎯[2/3]⎯

 FAIL  __tests__/components/SourceDocumentBadge.test.tsx > SourceDocumentBadge > remito: el ícono es PackageCheck (el de Remitos), no Truck (el de Proveedores)
AssertionError: expected null not to be null
 ❯ __tests__/components/SourceDocumentBadge.test.tsx:32:69
     30|   it("remito: el ícono es PackageCheck (el de Remitos), no Truck (el d…
     31|     const { container } = render(<SourceDocumentBadge kind="delivery_n…
     32|     expect(container.querySelector("svg.lucide-package-check")).not.to…
       |                                                                     ^
     33|     expect(container.querySelector("svg.lucide-truck")).toBeNull()
     34|   })

⎯⎯⎯⎯⎯⎯⎯⎯⎯⎯⎯⎯⎯⎯⎯⎯⎯⎯⎯⎯⎯⎯⎯⎯[3/3]⎯


 Test Files  2 failed (2)
      Tests  3 failed | 38 passed (41)
   Start at  09:48:53
   Duration  12.28s (transform 814ms, setup 1.38s, import 4.10s, tests 4.02s, environment 9.82s)

